Copyright 1986-2022 Xilinx, Inc. All Rights Reserved. Copyright 2022-2025 Advanced Micro Devices, Inc. All Rights Reserved.
---------------------------------------------------------------------------------------------------------------------------------------------
| Tool Version : Vivado v.2025.1 (win64) Build 6140274 Thu May 22 00:12:29 MDT 2025
| Date         : Tue May 12 09:21:33 2026
| Host         : Lab016-02 running 64-bit major release  (build 9200)
| Command      : report_utilization -file paint_top_utilization_placed.rpt -pb paint_top_utilization_placed.pb
| Design       : paint_top
| Device       : xczu3eg-sfvc784-2-e
| Speed File   : -2
| Design State : Fully Placed
---------------------------------------------------------------------------------------------------------------------------------------------

Utilization Design Information

Table of Contents
-----------------
1. CLB Logic
1.1 Summary of Registers by Type
2. CLB Logic Distribution
3. BLOCKRAM
4. ARITHMETIC
5. I/O
6. CLOCK
7. ADVANCED
8. CONFIGURATION
9. Primitives
10. Black Boxes
11. Instantiated Netlists

1. CLB Logic
------------

+-------------------------+------+-------+------------+-----------+-------+
|        Site Type        | Used | Fixed | Prohibited | Available | Util% |
+-------------------------+------+-------+------------+-----------+-------+
| CLB LUTs                |  995 |     0 |          0 |     70560 |  1.41 |
|   LUT as Logic          |  995 |     0 |          0 |     70560 |  1.41 |
|   LUT as Memory         |    0 |     0 |          0 |     28800 |  0.00 |
| CLB Registers           |  323 |     0 |          0 |    141120 |  0.23 |
|   Register as Flip Flop |  323 |     0 |          0 |    141120 |  0.23 |
|   Register as Latch     |    0 |     0 |          0 |    141120 |  0.00 |
| CARRY8                  |   44 |     0 |          0 |      8820 |  0.50 |
| F7 Muxes                |   83 |     0 |          0 |     35280 |  0.24 |
| F8 Muxes                |   32 |     0 |          0 |     17640 |  0.18 |
| F9 Muxes                |    0 |     0 |          0 |      8820 |  0.00 |
+-------------------------+------+-------+------------+-----------+-------+
* Warning! LUT value is adjusted to account for LUT combining.


1.1 Summary of Registers by Type
--------------------------------

+-------+--------------+-------------+--------------+
| Total | Clock Enable | Synchronous | Asynchronous |
+-------+--------------+-------------+--------------+
| 0     |            _ |           - |            - |
| 0     |            _ |           - |          Set |
| 0     |            _ |           - |        Reset |
| 0     |            _ |         Set |            - |
| 0     |            _ |       Reset |            - |
| 0     |          Yes |           - |            - |
| 0     |          Yes |           - |          Set |
| 0     |          Yes |           - |        Reset |
| 20    |          Yes |         Set |            - |
| 303   |          Yes |       Reset |            - |
+-------+--------------+-------------+--------------+


2. CLB Logic Distribution
-------------------------

+--------------------------------------------+------+-------+------------+-----------+-------+
|                  Site Type                 | Used | Fixed | Prohibited | Available | Util% |
+--------------------------------------------+------+-------+------------+-----------+-------+
| CLB                                        |  239 |     0 |          0 |      8820 |  2.71 |
|   CLBL                                     |  179 |     0 |            |           |       |
|   CLBM                                     |   60 |     0 |            |           |       |
| LUT as Logic                               |  995 |     0 |          0 |     70560 |  1.41 |
|   using O5 output only                     |   43 |       |            |           |       |
|   using O6 output only                     |  683 |       |            |           |       |
|   using O5 and O6                          |  269 |       |            |           |       |
| LUT as Memory                              |    0 |     0 |          0 |     28800 |  0.00 |
|   LUT as Distributed RAM                   |    0 |     0 |            |           |       |
|     using O5 output only                   |    0 |       |            |           |       |
|     using O6 output only                   |    0 |       |            |           |       |
|     using O5 and O6                        |    0 |       |            |           |       |
|   LUT as Shift Register                    |    0 |     0 |            |           |       |
|     using O5 output only                   |    0 |       |            |           |       |
|     using O6 output only                   |    0 |       |            |           |       |
|     using O5 and O6                        |    0 |       |            |           |       |
| CLB Registers                              |  323 |     0 |          0 |    141120 |  0.23 |
|   Register driven from within the CLB      |  169 |       |            |           |       |
|   Register driven from outside the CLB     |  154 |       |            |           |       |
|     LUT in front of the register is unused |  119 |       |            |           |       |
|     LUT in front of the register is used   |   35 |       |            |           |       |
| Unique Control Sets                        |   30 |       |          0 |     17640 |  0.17 |
+--------------------------------------------+------+-------+------------+-----------+-------+
* * Note: Available Control Sets calculated as Slices * 2, Review the Control Sets Report for more information regarding control sets.


3. BLOCKRAM
-----------

+-------------------+------+-------+------------+-----------+-------+
|     Site Type     | Used | Fixed | Prohibited | Available | Util% |
+-------------------+------+-------+------------+-----------+-------+
| Block RAM Tile    |   75 |     0 |          0 |       216 | 34.72 |
|   RAMB36/FIFO*    |   75 |     0 |          0 |       216 | 34.72 |
|     RAMB36E2 only |   75 |       |            |           |       |
|   RAMB18          |    0 |     0 |          0 |       432 |  0.00 |
+-------------------+------+-------+------------+-----------+-------+
* Note: Each Block RAM Tile only has one FIFO logic available and therefore can accommodate only one FIFO36E2 or one FIFO18E2. However, if a FIFO18E2 occupies a Block RAM Tile, that tile can still accommodate a RAMB18E2


4. ARITHMETIC
-------------

+----------------+------+-------+------------+-----------+-------+
|    Site Type   | Used | Fixed | Prohibited | Available | Util% |
+----------------+------+-------+------------+-----------+-------+
| DSPs           |    3 |     0 |          0 |       360 |  0.83 |
|   DSP48E2 only |    3 |       |            |           |       |
+----------------+------+-------+------------+-----------+-------+


5. I/O
------

+------------------+------+-------+------------+-----------+-------+
|     Site Type    | Used | Fixed | Prohibited | Available | Util% |
+------------------+------+-------+------------+-----------+-------+
| Bonded IOB       |   23 |    23 |          0 |       252 |  9.13 |
|   HPIOB_M        |    3 |     3 |          0 |        72 |  4.17 |
|     INPUT        |    3 |       |            |           |       |
|     OUTPUT       |    0 |       |            |           |       |
|     BIDIR        |    0 |       |            |           |       |
|   HPIOB_S        |    6 |     6 |          0 |        72 |  8.33 |
|     INPUT        |    3 |       |            |           |       |
|     OUTPUT       |    3 |       |            |           |       |
|     BIDIR        |    0 |       |            |           |       |
|   HDIOB_M        |    6 |     6 |          0 |        48 | 12.50 |
|     INPUT        |    1 |       |            |           |       |
|     OUTPUT       |    4 |       |            |           |       |
|     BIDIR        |    1 |       |            |           |       |
|   HDIOB_S        |    6 |     6 |          0 |        48 | 12.50 |
|     INPUT        |    1 |       |            |           |       |
|     OUTPUT       |    4 |       |            |           |       |
|     BIDIR        |    1 |       |            |           |       |
|   HPIOB_SNGL     |    2 |     2 |          0 |        12 | 16.67 |
|     INPUT        |    1 |       |            |           |       |
|     OUTPUT       |    1 |       |            |           |       |
|     BIDIR        |    0 |       |            |           |       |
| HPIOBDIFFINBUF   |    1 |     1 |          0 |        72 |  1.39 |
|   DIFFINBUF      |    1 |     1 |            |           |       |
| HPIOBDIFFOUTBUF  |    0 |     0 |          0 |        72 |  0.00 |
| HDIOBDIFFINBUF   |    0 |     0 |          0 |        48 |  0.00 |
| BITSLICE_CONTROL |    0 |     0 |          0 |        24 |  0.00 |
| BITSLICE_RX_TX   |    0 |     0 |          0 |       936 |  0.00 |
| BITSLICE_TX      |    0 |     0 |          0 |        24 |  0.00 |
| RIU_OR           |    0 |     0 |          0 |        12 |  0.00 |
+------------------+------+-------+------------+-----------+-------+


6. CLOCK
--------

+------------+------+-------+------------+-----------+-------+
|  Site Type | Used | Fixed | Prohibited | Available | Util% |
+------------+------+-------+------------+-----------+-------+
| BUFGCE     |    4 |     0 |          0 |        88 |  4.55 |
| BUFGCE_DIV |    0 |     0 |          0 |        12 |  0.00 |
| BUFG_PS    |    0 |     0 |          0 |        72 |  0.00 |
| BUFGCTRL*  |    0 |     0 |          0 |        24 |  0.00 |
| PLL        |    0 |     0 |          0 |         6 |  0.00 |
| MMCM       |    1 |     0 |          0 |         3 | 33.33 |
+------------+------+-------+------------+-----------+-------+
* Note: Each used BUFGCTRL counts as two GLOBAL CLOCK BUFFERs. This table does not include global clocking resources, only buffer cell usage. See the Clock Utilization Report (report_clock_utilization) for detailed accounting of global clocking resource availability.


7. ADVANCED
-----------

+-----------+------+-------+------------+-----------+-------+
| Site Type | Used | Fixed | Prohibited | Available | Util% |
+-----------+------+-------+------------+-----------+-------+
| PS8       |    0 |     0 |          0 |         1 |  0.00 |
| SYSMONE4  |    0 |     0 |          0 |         1 |  0.00 |
+-----------+------+-------+------------+-----------+-------+


8. CONFIGURATION
----------------

+-------------+------+-------+------------+-----------+-------+
|  Site Type  | Used | Fixed | Prohibited | Available | Util% |
+-------------+------+-------+------------+-----------+-------+
| BSCANE2     |    0 |     0 |          0 |         4 |  0.00 |
| DNA_PORTE2  |    0 |     0 |          0 |         1 |  0.00 |
| EFUSE_USR   |    0 |     0 |          0 |         1 |  0.00 |
| FRAME_ECCE4 |    0 |     0 |          0 |         1 |  0.00 |
| ICAPE3      |    0 |     0 |          0 |         2 |  0.00 |
| MASTER_JTAG |    0 |     0 |          0 |         1 |  0.00 |
| STARTUPE3   |    0 |     0 |          0 |         1 |  0.00 |
+-------------+------+-------+------------+-----------+-------+


9. Primitives
-------------

+------------+------+---------------------+
|  Ref Name  | Used | Functional Category |
+------------+------+---------------------+
| FDRE       |  303 |            Register |
| LUT6       |  295 |                 CLB |
| LUT5       |  270 |                 CLB |
| LUT2       |  255 |                 CLB |
| LUT4       |  217 |                 CLB |
| LUT1       |  146 |                 CLB |
| MUXF7      |   83 |                 CLB |
| LUT3       |   81 |                 CLB |
| RAMB36E2   |   75 |            BLOCKRAM |
| CARRY8     |   44 |                 CLB |
| MUXF8      |   32 |                 CLB |
| FDSE       |   20 |            Register |
| OBUF       |   12 |                 I/O |
| IBUFCTRL   |   10 |              Others |
| INBUF      |    9 |                 I/O |
| OSERDESE3  |    8 |                 I/O |
| BUFGCE     |    4 |               Clock |
| DSP48E2    |    3 |          Arithmetic |
| OBUFT      |    2 |                 I/O |
| MMCME4_ADV |    1 |               Clock |
| DIFFINBUF  |    1 |                 I/O |
+------------+------+---------------------+


10. Black Boxes
---------------

+----------+------+
| Ref Name | Used |
+----------+------+


11. Instantiated Netlists
-------------------------

+---------------+------+
|    Ref Name   | Used |
+---------------+------+
| clk_wiz_0     |    1 |
| blk_mem_gen_0 |    1 |
+---------------+------+


