#-----------------------------------------------------------
# Vivado v2025.1 (64-bit)
# SW Build 6140274 on Thu May 22 00:12:29 MDT 2025
# IP Build 6138677 on Thu May 22 03:10:11 MDT 2025
# SharedData Build 6139179 on Tue May 20 17:58:58 MDT 2025
# Start of session at: Tue May 12 09:19:23 2026
# Process ID         : 10872
# Current directory  : C:/Users/lab/Desktop/mini-paint/mini-paint.runs/impl_1
# Command line       : vivado.exe -log paint_top.vdi -applog -product Vivado -messageDb vivado.pb -mode batch -source paint_top.tcl -notrace
# Log file           : C:/Users/lab/Desktop/mini-paint/mini-paint.runs/impl_1/paint_top.vdi
# Journal file       : C:/Users/lab/Desktop/mini-paint/mini-paint.runs/impl_1\vivado.jou
# Running On         : Lab016-02
# Platform           : Windows Server 2016 or Windows 10
# Operating System   : 19045
# Processor Detail   : Intel(R) Core(TM) i7-8700 CPU @ 3.20GHz
# CPU Frequency      : 3192 MHz
# CPU Physical cores : 6
# CPU Logical cores  : 12
# Host memory        : 17030 MB
# Swap memory        : 2550 MB
# Total Virtual      : 19580 MB
# Available Virtual  : 13390 MB
#-----------------------------------------------------------
source paint_top.tcl -notrace
